// Jest Snapshot v1, https://goo.gl/fbAQLP

exports[`renders Header.js correctly 1`] = `
<div>
  <header>
    <h1>
      Welcome to City Explorer!
    </h1>
    <div>
      <input />
      <div>
        <div />
        <div />
        <div />
        <div />
      </div>
    </div>
    <button>
      Search
    </button>
  </header>
</div>
`;
